Command line invocation:
    /Applications/Xcode.app/Contents/Developer/usr/bin/xcodebuild -scheme HitokuDraft -configuration Debug build

Resolve Package Graph


Resolved source packages:
  swift-numerics: https://github.com/apple/swift-numerics @ 1.1.1
  swift-nio-extras: https://github.com/apple/swift-nio-extras.git @ 1.32.1
  MLXAudio: https://github.com/Blaizzy/mlx-audio-swift @ 0.1.1
  swift-nio-transport-services: https://github.com/apple/swift-nio-transport-services.git @ 1.26.0
  swift-nio-http2: https://github.com/apple/swift-nio-http2.git @ 1.40.0
  mlx-swift-lm: /Users/omard/Documents/projects/AI_projects/VoiceEditor/examples/mlx-swift-lm
  swift-http-types: https://github.com/apple/swift-http-types.git @ 1.5.1
  whisperkit: https://github.com/argmaxinc/WhisperKit @ 0.18.0
  EventSource: https://github.com/mattt/EventSource.git @ 1.4.1
  swift-log: https://github.com/apple/swift-log.git @ 1.10.1
  FluidAudio: /Users/omard/Documents/projects/AI_projects/VoiceEditor/examples/FluidAudio
  swift-system: https://github.com/apple/swift-system @ 1.6.4
  Jinja: https://github.com/huggingface/swift-jinja.git @ 2.3.1
  swift-certificates: https://github.com/apple/swift-certificates.git @ 1.18.0
  swift-crypto: https://github.com/apple/swift-crypto.git @ 4.2.0
  swift-service-lifecycle: https://github.com/swift-server/swift-service-lifecycle @ 2.10.1
  Sparkle: https://github.com/sparkle-project/Sparkle @ 2.9.0
  swift-configuration: https://github.com/apple/swift-configuration.git @ 1.2.0
  yyjson: https://github.com/ibireme/yyjson.git @ 0.12.0
  mlx-swift: https://github.com/ml-explore/mlx-swift @ 0.30.6
  swift-nio-ssl: https://github.com/apple/swift-nio-ssl.git @ 2.36.0
  swift-algorithms: https://github.com/apple/swift-algorithms.git @ 1.2.1
  swift-huggingface: https://github.com/huggingface/swift-huggingface.git @ 0.8.1
  swift-distributed-tracing: https://github.com/apple/swift-distributed-tracing.git @ 1.4.1
  swift-collections: https://github.com/apple/swift-collections.git @ 1.3.0
  swift-asn1: https://github.com/apple/swift-asn1.git @ 1.5.1
  SwiftMath: https://github.com/mgriebling/SwiftMath @ 1.7.3
  KeyboardShortcuts: https://github.com/sindresorhus/KeyboardShortcuts @ 2.4.0
  swift-service-context: https://github.com/apple/swift-service-context.git @ 1.3.0
  Xet: https://github.com/mattt/swift-xet.git @ 0.2.3
  async-http-client: https://github.com/swift-server/async-http-client @ 1.32.0
  swift-nio: https://github.com/apple/swift-nio.git @ 2.95.0
  swift-transformers: https://github.com/huggingface/swift-transformers @ 1.1.9
  swift-http-structured-headers: https://github.com/apple/swift-http-structured-headers.git @ 1.6.0
  swift-atomics: https://github.com/apple/swift-atomics.git @ 1.3.0
  swift-argument-parser: https://github.com/apple/swift-argument-parser.git @ 1.7.1
  swift-async-algorithms: https://github.com/apple/swift-async-algorithms.git @ 1.1.3

--- xcodebuild: WARNING: Using the first of multiple matching destinations:
{ platform:macOS, arch:arm64, id:00006040-000C490A1EA0801C, name:My Mac }
{ platform:macOS, name:Any Mac }
ComputePackagePrebuildTargetDependencyGraph

Prepare packages

CreateBuildRequest

SendProjectDescription

CreateBuildOperation

ComputeTargetDependencyGraph
note: Building targets in dependency order
note: Target dependency graph (130 targets)
    Target 'HitokuDraft' in project 'HitokuDraft'
        ➜ Explicit dependency on target 'FluidAudio' in project 'FluidAudio'
        ➜ Explicit dependency on target 'MLXLLM' in project 'mlx-swift-lm'
        ➜ Explicit dependency on target 'MLXLMCommon' in project 'mlx-swift-lm'
        ➜ Explicit dependency on target 'MLX' in project 'mlx-swift'
        ➜ Explicit dependency on target 'KeyboardShortcuts' in project 'KeyboardShortcuts'
        ➜ Explicit dependency on target 'MLXAudio' in project 'MLXAudio'
        ➜ Explicit dependency on target 'HuggingFace' in project 'swift-huggingface'
        ➜ Explicit dependency on target 'WhisperKit' in project 'whisperkit'
        ➜ Explicit dependency on target 'Sparkle' in project 'Sparkle'
        ➜ Explicit dependency on target 'SwiftMath' in project 'SwiftMath'
    Target 'SwiftMath' in project 'SwiftMath'
        ➜ Explicit dependency on target 'SwiftMath' in project 'SwiftMath'
        ➜ Explicit dependency on target 'SwiftMath_SwiftMath' in project 'SwiftMath'
    Target 'SwiftMath' in project 'SwiftMath'
        ➜ Explicit dependency on target 'SwiftMath_SwiftMath' in project 'SwiftMath'
    Target 'SwiftMath_SwiftMath' in project 'SwiftMath' (no dependencies)
    Target 'Sparkle' in project 'Sparkle' (no dependencies)
    Target 'WhisperKit' in project 'whisperkit'
        ➜ Explicit dependency on target 'WhisperKit' in project 'whisperkit'
        ➜ Explicit dependency on target 'ArgmaxCore' in project 'whisperkit'
        ➜ Explicit dependency on target 'Hub' in project 'swift-transformers'
        ➜ Explicit dependency on target 'Tokenizers' in project 'swift-transformers'
    Target 'WhisperKit' in project 'whisperkit'
        ➜ Explicit dependency on target 'ArgmaxCore' in project 'whisperkit'
        ➜ Explicit dependency on target 'Hub' in project 'swift-transformers'
        ➜ Explicit dependency on target 'Tokenizers' in project 'swift-transformers'
    Target 'ArgmaxCore' in project 'whisperkit'
        ➜ Explicit dependency on target 'Hub' in project 'swift-transformers'
    Target 'Hub' in project 'swift-transformers'
        ➜ Explicit dependency on target 'Hub' in project 'swift-transformers'
        ➜ Explicit dependency on target 'swift-transformers_Hub' in project 'swift-transformers'
        ➜ Explicit dependency on target 'Jinja' in project 'Jinja'
        ➜ Explicit dependency on target 'OrderedCollections' in project 'swift-collections'
        ➜ Explicit dependency on target 'Crypto' in project 'swift-crypto'
        ➜ Explicit dependency on target 'yyjson' in project 'yyjson'
    Target 'MLXAudio' in project 'MLXAudio'
        ➜ Explicit dependency on target 'MLXAudioCore' in project 'MLXAudio'
        ➜ Explicit dependency on target 'MLXAudioCodecs' in project 'MLXAudio'
        ➜ Explicit dependency on target 'MLXAudioTTS' in project 'MLXAudio'
        ➜ Explicit dependency on target 'MLXAudioSTT' in project 'MLXAudio'
        ➜ Explicit dependency on target 'MLXAudioVAD' in project 'MLXAudio'
        ➜ Explicit dependency on target 'MLXAudioSTS' in project 'MLXAudio'
        ➜ Explicit dependency on target 'MLXAudioUI' in project 'MLXAudio'
        ➜ Explicit dependency on target 'MLX' in project 'mlx-swift'
        ➜ Explicit dependency on target 'MLXNN' in project 'mlx-swift'
        ➜ Explicit dependency on target 'HuggingFace' in project 'swift-huggingface'
        ➜ Explicit dependency on target 'MLXLMCommon' in project 'mlx-swift-lm'
        ➜ Explicit dependency on target 'MLXLLM' in project 'mlx-swift-lm'
        ➜ Explicit dependency on target 'Transformers' in project 'swift-transformers'
        ➜ Explicit dependency on target 'MLXFast' in project 'mlx-swift'
    Target 'MLXAudioUI' in project 'MLXAudio'
        ➜ Explicit dependency on target 'MLXAudioCore' in project 'MLXAudio'
        ➜ Explicit dependency on target 'MLXAudioCodecs' in project 'MLXAudio'
        ➜ Explicit dependency on target 'MLXAudioTTS' in project 'MLXAudio'
        ➜ Explicit dependency on target 'MLXAudioSTT' in project 'MLXAudio'
        ➜ Explicit dependency on target 'MLXAudioSTS' in project 'MLXAudio'
        ➜ Explicit dependency on target 'MLX' in project 'mlx-swift'
        ➜ Explicit dependency on target 'MLXNN' in project 'mlx-swift'
        ➜ Explicit dependency on target 'HuggingFace' in project 'swift-huggingface'
        ➜ Explicit dependency on target 'MLXLMCommon' in project 'mlx-swift-lm'
        ➜ Explicit dependency on target 'MLXLLM' in project 'mlx-swift-lm'
        ➜ Explicit dependency on target 'Transformers' in project 'swift-transformers'
        ➜ Explicit dependency on target 'MLXFast' in project 'mlx-swift'
    Target 'MLXAudioSTS' in project 'MLXAudio'
        ➜ Explicit dependency on target 'MLXAudioCore' in project 'MLXAudio'
        ➜ Explicit dependency on target 'MLXAudioCodecs' in project 'MLXAudio'
        ➜ Explicit dependency on target 'MLXAudioTTS' in project 'MLXAudio'
        ➜ Explicit dependency on target 'MLXAudioSTT' in project 'MLXAudio'
        ➜ Explicit dependency on target 'MLX' in project 'mlx-swift'
        ➜ Explicit dependency on target 'MLXNN' in project 'mlx-swift'
        ➜ Explicit dependency on target 'HuggingFace' in project 'swift-huggingface'
        ➜ Explicit dependency on target 'MLXLMCommon' in project 'mlx-swift-lm'
        ➜ Explicit dependency on target 'MLXLLM' in project 'mlx-swift-lm'
        ➜ Explicit dependency on target 'Transformers' in project 'swift-transformers'
        ➜ Explicit dependency on target 'MLXFast' in project 'mlx-swift'
    Target 'MLXFast' in project 'mlx-swift'
        ➜ Explicit dependency on target 'MLXFast' in project 'mlx-swift'
        ➜ Explicit dependency on target 'Cmlx' in project 'mlx-swift'
        ➜ Explicit dependency on target 'MLX' in project 'mlx-swift'
        ➜ Explicit dependency on target 'Numerics' in project 'swift-numerics'
    Target 'MLXFast' in project 'mlx-swift'
        ➜ Explicit dependency on target 'Cmlx' in project 'mlx-swift'
        ➜ Explicit dependency on target 'MLX' in project 'mlx-swift'
        ➜ Explicit dependency on target 'Numerics' in project 'swift-numerics'
    Target 'MLXAudioVAD' in project 'MLXAudio'
        ➜ Explicit dependency on target 'MLXAudioCore' in project 'MLXAudio'
        ➜ Explicit dependency on target 'MLX' in project 'mlx-swift'
        ➜ Explicit dependency on target 'MLXNN' in project 'mlx-swift'
        ➜ Explicit dependency on target 'HuggingFace' in project 'swift-huggingface'
        ➜ Explicit dependency on target 'MLXLMCommon' in project 'mlx-swift-lm'
    Target 'MLXAudioSTT' in project 'MLXAudio'
        ➜ Explicit dependency on target 'MLXAudioCore' in project 'MLXAudio'
        ➜ Explicit dependency on target 'MLXAudioCodecs' in project 'MLXAudio'
        ➜ Explicit dependency on target 'MLX' in project 'mlx-swift'
        ➜ Explicit dependency on target 'MLXNN' in project 'mlx-swift'
        ➜ Explicit dependency on target 'HuggingFace' in project 'swift-huggingface'
        ➜ Explicit dependency on target 'MLXLMCommon' in project 'mlx-swift-lm'
        ➜ Explicit dependency on target 'MLXLLM' in project 'mlx-swift-lm'
        ➜ Explicit dependency on target 'Transformers' in project 'swift-transformers'
    Target 'MLXAudioTTS' in project 'MLXAudio'
        ➜ Explicit dependency on target 'MLXAudioCore' in project 'MLXAudio'
        ➜ Explicit dependency on target 'MLXAudioCodecs' in project 'MLXAudio'
        ➜ Explicit dependency on target 'MLX' in project 'mlx-swift'
        ➜ Explicit dependency on target 'MLXNN' in project 'mlx-swift'
        ➜ Explicit dependency on target 'HuggingFace' in project 'swift-huggingface'
        ➜ Explicit dependency on target 'MLXLMCommon' in project 'mlx-swift-lm'
        ➜ Explicit dependency on target 'MLXLLM' in project 'mlx-swift-lm'
        ➜ Explicit dependency on target 'Transformers' in project 'swift-transformers'
    Target 'MLXAudioCodecs' in project 'MLXAudio'
        ➜ Explicit dependency on target 'MLXAudioCore' in project 'MLXAudio'
        ➜ Explicit dependency on target 'MLX' in project 'mlx-swift'
        ➜ Explicit dependency on target 'MLXNN' in project 'mlx-swift'
        ➜ Explicit dependency on target 'HuggingFace' in project 'swift-huggingface'
        ➜ Explicit dependency on target 'MLXLMCommon' in project 'mlx-swift-lm'
    Target 'MLXAudioCore' in project 'MLXAudio'
        ➜ Explicit dependency on target 'MLX' in project 'mlx-swift'
        ➜ Explicit dependency on target 'MLXNN' in project 'mlx-swift'
        ➜ Explicit dependency on target 'HuggingFace' in project 'swift-huggingface'
    Target 'HuggingFace' in project 'swift-huggingface'
        ➜ Explicit dependency on target 'HuggingFace' in project 'swift-huggingface'
        ➜ Explicit dependency on target 'EventSource' in project 'EventSource'
        ➜ Explicit dependency on target 'Crypto' in project 'swift-crypto'
        ➜ Explicit dependency on target 'Xet' in project 'Xet'
    Target 'HuggingFace' in project 'swift-huggingface'
        ➜ Explicit dependency on target 'EventSource' in project 'EventSource'
        ➜ Explicit dependency on target 'Crypto' in project 'swift-crypto'
        ➜ Explicit dependency on target 'Xet' in project 'Xet'
    Target 'Xet' in project 'Xet'
        ➜ Explicit dependency on target 'Xet' in project 'Xet'
        ➜ Explicit dependency on target 'AsyncHTTPClient' in project 'async-http-client'
        ➜ Explicit dependency on target 'NIOCore' in project 'swift-nio'
        ➜ Explicit dependency on target 'NIOHTTP1' in project 'swift-nio'
        ➜ Explicit dependency on target 'NIOTransportServices' in project 'swift-nio-transport-services'
    Target 'Xet' in project 'Xet'
        ➜ Explicit dependency on target 'AsyncHTTPClient' in project 'async-http-client'
        ➜ Explicit dependency on target 'NIOCore' in project 'swift-nio'
        ➜ Explicit dependency on target 'NIOHTTP1' in project 'swift-nio'
        ➜ Explicit dependency on target 'NIOTransportServices' in project 'swift-nio-transport-services'
    Target 'AsyncHTTPClient' in project 'async-http-client'
        ➜ Explicit dependency on target 'AsyncHTTPClient' in project 'async-http-client'
        ➜ Explicit dependency on target 'CAsyncHTTPClient' in project 'async-http-client'
        ➜ Explicit dependency on target 'NIO' in project 'swift-nio'
        ➜ Explicit dependency on target 'NIOTLS' in project 'swift-nio'
        ➜ Explicit dependency on target 'NIOCore' in project 'swift-nio'
        ➜ Explicit dependency on target 'NIOPosix' in project 'swift-nio'
        ➜ Explicit dependency on target 'NIOHTTP1' in project 'swift-nio'
        ➜ Explicit dependency on target 'NIOConcurrencyHelpers' in project 'swift-nio'
        ➜ Explicit dependency on target 'NIOHTTP2' in project 'swift-nio-http2'
        ➜ Explicit dependency on target 'NIOSSL' in project 'swift-nio-ssl'
        ➜ Explicit dependency on target 'NIOHTTPCompression' in project 'swift-nio-extras'
        ➜ Explicit dependency on target 'NIOSOCKS' in project 'swift-nio-extras'
        ➜ Explicit dependency on target 'NIOTransportServices' in project 'swift-nio-transport-services'
        ➜ Explicit dependency on target 'Atomics' in project 'swift-atomics'
        ➜ Explicit dependency on target 'Algorithms' in project 'swift-algorithms'
        ➜ Explicit dependency on target 'Configuration' in project 'swift-configuration'
        ➜ Explicit dependency on target 'Logging' in project 'swift-log'
        ➜ Explicit dependency on target 'Tracing' in project 'swift-distributed-tracing'
        ➜ Explicit dependency on target 'ServiceContextModule' in project 'swift-service-context'
    Target 'AsyncHTTPClient' in project 'async-http-client'
        ➜ Explicit dependency on target 'CAsyncHTTPClient' in project 'async-http-client'
        ➜ Explicit dependency on target 'NIO' in project 'swift-nio'
        ➜ Explicit dependency on target 'NIOTLS' in project 'swift-nio'
        ➜ Explicit dependency on target 'NIOCore' in project 'swift-nio'
        ➜ Explicit dependency on target 'NIOPosix' in project 'swift-nio'
        ➜ Explicit dependency on target 'NIOHTTP1' in project 'swift-nio'
        ➜ Explicit dependency on target 'NIOConcurrencyHelpers' in project 'swift-nio'
        ➜ Explicit dependency on target 'NIOHTTP2' in project 'swift-nio-http2'
        ➜ Explicit dependency on target 'NIOSSL' in project 'swift-nio-ssl'
        ➜ Explicit dependency on target 'NIOHTTPCompression' in project 'swift-nio-extras'
        ➜ Explicit dependency on target 'NIOSOCKS' in project 'swift-nio-extras'
        ➜ Explicit dependency on target 'NIOTransportServices' in project 'swift-nio-transport-services'
        ➜ Explicit dependency on target 'Atomics' in project 'swift-atomics'
        ➜ Explicit dependency on target 'Algorithms' in project 'swift-algorithms'
        ➜ Explicit dependency on target 'Configuration' in project 'swift-configuration'
        ➜ Explicit dependency on target 'Logging' in project 'swift-log'
        ➜ Explicit dependency on target 'Tracing' in project 'swift-distributed-tracing'
        ➜ Explicit dependency on target 'ServiceContextModule' in project 'swift-service-context'
    Target 'Tracing' in project 'swift-distributed-tracing'
        ➜ Explicit dependency on target 'Tracing' in project 'swift-distributed-tracing'
        ➜ Explicit dependency on target 'Instrumentation' in project 'swift-distributed-tracing'
        ➜ Explicit dependency on target 'ServiceContextModule' in project 'swift-service-context'
    Target 'Tracing' in project 'swift-distributed-tracing'
        ➜ Explicit dependency on target 'Instrumentation' in project 'swift-distributed-tracing'
        ➜ Explicit dependency on target 'ServiceContextModule' in project 'swift-service-context'
    Target 'Instrumentation' in project 'swift-distributed-tracing'
        ➜ Explicit dependency on target 'ServiceContextModule' in project 'swift-service-context'
    Target 'ServiceContextModule' in project 'swift-service-context'
        ➜ Explicit dependency on target 'ServiceContextModule' in project 'swift-service-context'
    Target 'ServiceContextModule' in project 'swift-service-context' (no dependencies)
    Target 'Logging' in project 'swift-log'
        ➜ Explicit dependency on target 'Logging' in project 'swift-log'
    Target 'Logging' in project 'swift-log' (no dependencies)
    Target 'Configuration' in project 'swift-configuration'
        ➜ Explicit dependency on target 'Configuration' in project 'swift-configuration'
        ➜ Explicit dependency on target 'SystemPackage' in project 'swift-system'
        ➜ Explicit dependency on target 'DequeModule' in project 'swift-collections'
    Target 'Configuration' in project 'swift-configuration'
        ➜ Explicit dependency on target 'SystemPackage' in project 'swift-system'
        ➜ Explicit dependency on target 'DequeModule' in project 'swift-collections'
    Target 'SystemPackage' in project 'swift-system'
        ➜ Explicit dependency on target 'SystemPackage' in project 'swift-system'
        ➜ Explicit dependency on target 'CSystem' in project 'swift-system'
    Target 'SystemPackage' in project 'swift-system'
        ➜ Explicit dependency on target 'CSystem' in project 'swift-system'
    Target 'CSystem' in project 'swift-system' (no dependencies)
    Target 'Algorithms' in project 'swift-algorithms'
        ➜ Explicit dependency on target 'Algorithms' in project 'swift-algorithms'
        ➜ Explicit dependency on target 'RealModule' in project 'swift-numerics'
    Target 'Algorithms' in project 'swift-algorithms'
        ➜ Explicit dependency on target 'RealModule' in project 'swift-numerics'
    Target 'RealModule' in project 'swift-numerics'
        ➜ Explicit dependency on target 'RealModule' in project 'swift-numerics'
        ➜ Explicit dependency on target '_NumericsShims' in project 'swift-numerics'
    Target 'NIOTransportServices' in project 'swift-nio-transport-services'
        ➜ Explicit dependency on target 'NIOTransportServices' in project 'swift-nio-transport-services'
        ➜ Explicit dependency on target 'NIO' in project 'swift-nio'
        ➜ Explicit dependency on target 'NIOCore' in project 'swift-nio'
        ➜ Explicit dependency on target 'NIOFoundationCompat' in project 'swift-nio'
        ➜ Explicit dependency on target 'NIOTLS' in project 'swift-nio'
        ➜ Explicit dependency on target 'Atomics' in project 'swift-atomics'
    Target 'NIOTransportServices' in project 'swift-nio-transport-services'
        ➜ Explicit dependency on target 'NIO' in project 'swift-nio'
        ➜ Explicit dependency on target 'NIOCore' in project 'swift-nio'
        ➜ Explicit dependency on target 'NIOFoundationCompat' in project 'swift-nio'
        ➜ Explicit dependency on target 'NIOTLS' in project 'swift-nio'
        ➜ Explicit dependency on target 'Atomics' in project 'swift-atomics'
    Target 'NIOFoundationCompat' in project 'swift-nio'
        ➜ Explicit dependency on target 'NIOFoundationCompat' in project 'swift-nio'
        ➜ Explicit dependency on target 'CNIOAtomics' in project 'swift-nio'
        ➜ Explicit dependency on target 'NIOConcurrencyHelpers' in project 'swift-nio'
        ➜ Explicit dependency on target '_NIOBase64' in project 'swift-nio'
        ➜ Explicit dependency on target 'CNIOOpenBSD' in project 'swift-nio'
        ➜ Explicit dependency on target 'CNIODarwin' in project 'swift-nio'
        ➜ Explicit dependency on target 'CNIOLinux' in project 'swift-nio'
        ➜ Explicit dependency on target 'CNIOWindows' in project 'swift-nio'
        ➜ Explicit dependency on target 'CNIOWASI' in project 'swift-nio'
        ➜ Explicit dependency on target '_NIODataStructures' in project 'swift-nio'
        ➜ Explicit dependency on target 'NIOCore' in project 'swift-nio'
        ➜ Explicit dependency on target 'NIOEmbedded' in project 'swift-nio'
        ➜ Explicit dependency on target 'CNIOPosix' in project 'swift-nio'
        ➜ Explicit dependency on target 'NIOPosix' in project 'swift-nio'
        ➜ Explicit dependency on target 'NIO' in project 'swift-nio'
        ➜ Explicit dependency on target 'DequeModule' in project 'swift-collections'
        ➜ Explicit dependency on target 'Atomics' in project 'swift-atomics'
    Target 'NIOFoundationCompat' in project 'swift-nio'
        ➜ Explicit dependency on target 'CNIOAtomics' in project 'swift-nio'
        ➜ Explicit dependency on target 'NIOConcurrencyHelpers' in project 'swift-nio'
        ➜ Explicit dependency on target '_NIOBase64' in project 'swift-nio'
        ➜ Explicit dependency on target 'CNIOOpenBSD' in project 'swift-nio'
        ➜ Explicit dependency on target 'CNIODarwin' in project 'swift-nio'
        ➜ Explicit dependency on target 'CNIOLinux' in project 'swift-nio'
        ➜ Explicit dependency on target 'CNIOWindows' in project 'swift-nio'
        ➜ Explicit dependency on target 'CNIOWASI' in project 'swift-nio'
        ➜ Explicit dependency on target '_NIODataStructures' in project 'swift-nio'
        ➜ Explicit dependency on target 'NIOCore' in project 'swift-nio'
        ➜ Explicit dependency on target 'NIOEmbedded' in project 'swift-nio'
        ➜ Explicit dependency on target 'CNIOPosix' in project 'swift-nio'
        ➜ Explicit dependency on target 'NIOPosix' in project 'swift-nio'
        ➜ Explicit dependency on target 'NIO' in project 'swift-nio'
        ➜ Explicit dependency on target 'DequeModule' in project 'swift-collections'
        ➜ Explicit dependency on target 'Atomics' in project 'swift-atomics'
    Target 'NIOSOCKS' in project 'swift-nio-extras'
        ➜ Explicit dependency on target 'NIOSOCKS' in project 'swift-nio-extras'
        ➜ Explicit dependency on target 'NIO' in project 'swift-nio'
        ➜ Explicit dependency on target 'NIOCore' in project 'swift-nio'
    Target 'NIOSOCKS' in project 'swift-nio-extras'
        ➜ Explicit dependency on target 'NIO' in project 'swift-nio'
        ➜ Explicit dependency on target 'NIOCore' in project 'swift-nio'
    Target 'NIOHTTPCompression' in project 'swift-nio-extras'
        ➜ Explicit dependency on target 'NIOHTTPCompression' in project 'swift-nio-extras'
        ➜ Explicit dependency on target 'CNIOExtrasZlib' in project 'swift-nio-extras'
        ➜ Explicit dependency on target 'NIO' in project 'swift-nio'
        ➜ Explicit dependency on target 'NIOCore' in project 'swift-nio'
        ➜ Explicit dependency on target 'NIOHTTP1' in project 'swift-nio'
    Target 'NIOHTTPCompression' in project 'swift-nio-extras'
        ➜ Explicit dependency on target 'CNIOExtrasZlib' in project 'swift-nio-extras'
        ➜ Explicit dependency on target 'NIO' in project 'swift-nio'
        ➜ Explicit dependency on target 'NIOCore' in project 'swift-nio'
        ➜ Explicit dependency on target 'NIOHTTP1' in project 'swift-nio'
    Target 'CNIOExtrasZlib' in project 'swift-nio-extras' (no dependencies)
    Target 'NIOSSL' in project 'swift-nio-ssl'
        ➜ Explicit dependency on target 'NIOSSL' in project 'swift-nio-ssl'
        ➜ Explicit dependency on target 'swift-nio-ssl_NIOSSL' in project 'swift-nio-ssl'
        ➜ Explicit dependency on target 'CNIOBoringSSL' in project 'swift-nio-ssl'
        ➜ Explicit dependency on target 'CNIOBoringSSLShims' in project 'swift-nio-ssl'
        ➜ Explicit dependency on target 'NIO' in project 'swift-nio'
        ➜ Explicit dependency on target 'NIOCore' in project 'swift-nio'
        ➜ Explicit dependency on target 'NIOConcurrencyHelpers' in project 'swift-nio'
        ➜ Explicit dependency on target 'NIOTLS' in project 'swift-nio'
    Target 'NIOSSL' in project 'swift-nio-ssl'
        ➜ Explicit dependency on target 'swift-nio-ssl_NIOSSL' in project 'swift-nio-ssl'
        ➜ Explicit dependency on target 'CNIOBoringSSL' in project 'swift-nio-ssl'
        ➜ Explicit dependency on target 'CNIOBoringSSLShims' in project 'swift-nio-ssl'
        ➜ Explicit dependency on target 'NIO' in project 'swift-nio'
        ➜ Explicit dependency on target 'NIOCore' in project 'swift-nio'
        ➜ Explicit dependency on target 'NIOConcurrencyHelpers' in project 'swift-nio'
        ➜ Explicit dependency on target 'NIOTLS' in project 'swift-nio'
    Target 'CNIOBoringSSLShims' in project 'swift-nio-ssl'
        ➜ Explicit dependency on target 'CNIOBoringSSL' in project 'swift-nio-ssl'
    Target 'CNIOBoringSSL' in project 'swift-nio-ssl' (no dependencies)
    Target 'swift-nio-ssl_NIOSSL' in project 'swift-nio-ssl' (no dependencies)
    Target 'NIOHTTP2' in project 'swift-nio-http2'
        ➜ Explicit dependency on target 'NIOHTTP2' in project 'swift-nio-http2'
        ➜ Explicit dependency on target 'NIOHPACK' in project 'swift-nio-http2'
        ➜ Explicit dependency on target 'NIO' in project 'swift-nio'
        ➜ Explicit dependency on target 'NIOCore' in project 'swift-nio'
        ➜ Explicit dependency on target 'NIOConcurrencyHelpers' in project 'swift-nio'
        ➜ Explicit dependency on target 'NIOHTTP1' in project 'swift-nio'
        ➜ Explicit dependency on target 'NIOTLS' in project 'swift-nio'
        ➜ Explicit dependency on target 'Atomics' in project 'swift-atomics'
    Target 'NIOHTTP2' in project 'swift-nio-http2'
        ➜ Explicit dependency on target 'NIOHPACK' in project 'swift-nio-http2'
        ➜ Explicit dependency on target 'NIO' in project 'swift-nio'
        ➜ Explicit dependency on target 'NIOCore' in project 'swift-nio'
        ➜ Explicit dependency on target 'NIOConcurrencyHelpers' in project 'swift-nio'
        ➜ Explicit dependency on target 'NIOHTTP1' in project 'swift-nio'
        ➜ Explicit dependency on target 'NIOTLS' in project 'swift-nio'
        ➜ Explicit dependency on target 'Atomics' in project 'swift-atomics'
    Target 'NIOHPACK' in project 'swift-nio-http2'
        ➜ Explicit dependency on target 'NIO' in project 'swift-nio'
        ➜ Explicit dependency on target 'NIOCore' in project 'swift-nio'
        ➜ Explicit dependency on target 'NIOConcurrencyHelpers' in project 'swift-nio'
        ➜ Explicit dependency on target 'NIOHTTP1' in project 'swift-nio'
    Target 'NIOConcurrencyHelpers' in project 'swift-nio'
        ➜ Explicit dependency on target 'NIOConcurrencyHelpers' in project 'swift-nio'
        ➜ Explicit dependency on target 'CNIOAtomics' in project 'swift-nio'
    Target 'NIOHTTP1' in project 'swift-nio'
        ➜ Explicit dependency on target 'NIOHTTP1' in project 'swift-nio'
        ➜ Explicit dependency on target 'CNIOAtomics' in project 'swift-nio'
        ➜ Explicit dependency on target 'NIOConcurrencyHelpers' in project 'swift-nio'
        ➜ Explicit dependency on target '_NIOBase64' in project 'swift-nio'
        ➜ Explicit dependency on target 'CNIOOpenBSD' in project 'swift-nio'
        ➜ Explicit dependency on target 'CNIODarwin' in project 'swift-nio'
        ➜ Explicit dependency on target 'CNIOLinux' in project 'swift-nio'
        ➜ Explicit dependency on target 'CNIOWindows' in project 'swift-nio'
        ➜ Explicit dependency on target 'CNIOWASI' in project 'swift-nio'
        ➜ Explicit dependency on target '_NIODataStructures' in project 'swift-nio'
        ➜ Explicit dependency on target 'NIOCore' in project 'swift-nio'
        ➜ Explicit dependency on target 'NIOEmbedded' in project 'swift-nio'
        ➜ Explicit dependency on target 'CNIOPosix' in project 'swift-nio'
        ➜ Explicit dependency on target 'NIOPosix' in project 'swift-nio'
        ➜ Explicit dependency on target 'NIO' in project 'swift-nio'
        ➜ Explicit dependency on target 'CNIOLLHTTP' in project 'swift-nio'
        ➜ Explicit dependency on target 'DequeModule' in project 'swift-collections'
        ➜ Explicit dependency on target 'Atomics' in project 'swift-atomics'
    Target 'NIOHTTP1' in project 'swift-nio'
        ➜ Explicit dependency on target 'CNIOAtomics' in project 'swift-nio'
        ➜ Explicit dependency on target 'NIOConcurrencyHelpers' in project 'swift-nio'
        ➜ Explicit dependency on target '_NIOBase64' in project 'swift-nio'
        ➜ Explicit dependency on target 'CNIOOpenBSD' in project 'swift-nio'
        ➜ Explicit dependency on target 'CNIODarwin' in project 'swift-nio'
        ➜ Explicit dependency on target 'CNIOLinux' in project 'swift-nio'
        ➜ Explicit dependency on target 'CNIOWindows' in project 'swift-nio'
        ➜ Explicit dependency on target 'CNIOWASI' in project 'swift-nio'
        ➜ Explicit dependency on target '_NIODataStructures' in project 'swift-nio'
        ➜ Explicit dependency on target 'NIOCore' in project 'swift-nio'
        ➜ Explicit dependency on target 'NIOEmbedded' in project 'swift-nio'
        ➜ Explicit dependency on target 'CNIOPosix' in project 'swift-nio'
        ➜ Explicit dependency on target 'NIOPosix' in project 'swift-nio'
        ➜ Explicit dependency on target 'NIO' in project 'swift-nio'
        ➜ Explicit dependency on target 'CNIOLLHTTP' in project 'swift-nio'
        ➜ Explicit dependency on target 'DequeModule' in project 'swift-collections'
        ➜ Explicit dependency on target 'Atomics' in project 'swift-atomics'
    Target 'CNIOLLHTTP' in project 'swift-nio' (no dependencies)
    Target 'NIOPosix' in project 'swift-nio'
        ➜ Explicit dependency on target 'NIOPosix' in project 'swift-nio'
        ➜ Explicit dependency on target 'swift-nio_NIOPosix' in project 'swift-nio'
        ➜ Explicit dependency on target 'CNIOOpenBSD' in project 'swift-nio'
        ➜ Explicit dependency on target 'CNIOLinux' in project 'swift-nio'
        ➜ Explicit dependency on target 'CNIODarwin' in project 'swift-nio'
        ➜ Explicit dependency on target 'CNIOWindows' in project 'swift-nio'
        ➜ Explicit dependency on target 'CNIOAtomics' in project 'swift-nio'
        ➜ Explicit dependency on target 'NIOConcurrencyHelpers' in project 'swift-nio'
        ➜ Explicit dependency on target '_NIOBase64' in project 'swift-nio'
        ➜ Explicit dependency on target 'CNIOWASI' in project 'swift-nio'
        ➜ Explicit dependency on target '_NIODataStructures' in project 'swift-nio'
        ➜ Explicit dependency on target 'NIOCore' in project 'swift-nio'
        ➜ Explicit dependency on target 'CNIOPosix' in project 'swift-nio'
        ➜ Explicit dependency on target 'DequeModule' in project 'swift-collections'
        ➜ Explicit dependency on target 'Atomics' in project 'swift-atomics'
    Target 'NIOTLS' in project 'swift-nio'
        ➜ Explicit dependency on target 'NIOTLS' in project 'swift-nio'
        ➜ Explicit dependency on target 'CNIOAtomics' in project 'swift-nio'
        ➜ Explicit dependency on target 'NIOConcurrencyHelpers' in project 'swift-nio'
        ➜ Explicit dependency on target '_NIOBase64' in project 'swift-nio'
        ➜ Explicit dependency on target 'CNIOOpenBSD' in project 'swift-nio'
        ➜ Explicit dependency on target 'CNIODarwin' in project 'swift-nio'
        ➜ Explicit dependency on target 'CNIOLinux' in project 'swift-nio'
        ➜ Explicit dependency on target 'CNIOWindows' in project 'swift-nio'
        ➜ Explicit dependency on target 'CNIOWASI' in project 'swift-nio'
        ➜ Explicit dependency on target '_NIODataStructures' in project 'swift-nio'
        ➜ Explicit dependency on target 'NIOCore' in project 'swift-nio'
        ➜ Explicit dependency on target 'NIOEmbedded' in project 'swift-nio'
        ➜ Explicit dependency on target 'CNIOPosix' in project 'swift-nio'
        ➜ Explicit dependency on target 'NIOPosix' in project 'swift-nio'
        ➜ Explicit dependency on target 'NIO' in project 'swift-nio'
        ➜ Explicit dependency on target 'DequeModule' in project 'swift-collections'
        ➜ Explicit dependency on target 'Atomics' in project 'swift-atomics'
    Target 'NIOTLS' in project 'swift-nio'
        ➜ Explicit dependency on target 'CNIOAtomics' in project 'swift-nio'
        ➜ Explicit dependency on target 'NIOConcurrencyHelpers' in project 'swift-nio'
        ➜ Explicit dependency on target '_NIOBase64' in project 'swift-nio'
        ➜ Explicit dependency on target 'CNIOOpenBSD' in project 'swift-nio'
        ➜ Explicit dependency on target 'CNIODarwin' in project 'swift-nio'
        ➜ Explicit dependency on target 'CNIOLinux' in project 'swift-nio'
        ➜ Explicit dependency on target 'CNIOWindows' in project 'swift-nio'
        ➜ Explicit dependency on target 'CNIOWASI' in project 'swift-nio'
        ➜ Explicit dependency on target '_NIODataStructures' in project 'swift-nio'
        ➜ Explicit dependency on target 'NIOCore' in project 'swift-nio'
        ➜ Explicit dependency on target 'NIOEmbedded' in project 'swift-nio'
        ➜ Explicit dependency on target 'CNIOPosix' in project 'swift-nio'
        ➜ Explicit dependency on target 'NIOPosix' in project 'swift-nio'
        ➜ Explicit dependency on target 'NIO' in project 'swift-nio'
        ➜ Explicit dependency on target 'DequeModule' in project 'swift-collections'
        ➜ Explicit dependency on target 'Atomics' in project 'swift-atomics'
    Target 'NIO' in project 'swift-nio'
        ➜ Explicit dependency on target 'NIO' in project 'swift-nio'
        ➜ Explicit dependency on target 'CNIOAtomics' in project 'swift-nio'
        ➜ Explicit dependency on target 'NIOConcurrencyHelpers' in project 'swift-nio'
        ➜ Explicit dependency on target '_NIOBase64' in project 'swift-nio'
        ➜ Explicit dependency on target 'CNIOOpenBSD' in project 'swift-nio'
        ➜ Explicit dependency on target 'CNIODarwin' in project 'swift-nio'
        ➜ Explicit dependency on target 'CNIOLinux' in project 'swift-nio'
        ➜ Explicit dependency on target 'CNIOWindows' in project 'swift-nio'
        ➜ Explicit dependency on target 'CNIOWASI' in project 'swift-nio'
        ➜ Explicit dependency on target '_NIODataStructures' in project 'swift-nio'
        ➜ Explicit dependency on target 'NIOCore' in project 'swift-nio'
        ➜ Explicit dependency on target 'NIOEmbedded' in project 'swift-nio'
        ➜ Explicit dependency on target 'CNIOPosix' in project 'swift-nio'
        ➜ Explicit dependency on target 'NIOPosix' in project 'swift-nio'
        ➜ Explicit dependency on target 'DequeModule' in project 'swift-collections'
        ➜ Explicit dependency on target 'Atomics' in project 'swift-atomics'
    Target 'NIO' in project 'swift-nio'
        ➜ Explicit dependency on target 'CNIOAtomics' in project 'swift-nio'
        ➜ Explicit dependency on target 'NIOConcurrencyHelpers' in project 'swift-nio'
        ➜ Explicit dependency on target '_NIOBase64' in project 'swift-nio'
        ➜ Explicit dependency on target 'CNIOOpenBSD' in project 'swift-nio'
        ➜ Explicit dependency on target 'CNIODarwin' in project 'swift-nio'
        ➜ Explicit dependency on target 'CNIOLinux' in project 'swift-nio'
        ➜ Explicit dependency on target 'CNIOWindows' in project 'swift-nio'
        ➜ Explicit dependency on target 'CNIOWASI' in project 'swift-nio'
        ➜ Explicit dependency on target '_NIODataStructures' in project 'swift-nio'
        ➜ Explicit dependency on target 'NIOCore' in project 'swift-nio'
        ➜ Explicit dependency on target 'NIOEmbedded' in project 'swift-nio'
        ➜ Explicit dependency on target 'CNIOPosix' in project 'swift-nio'
        ➜ Explicit dependency on target 'NIOPosix' in project 'swift-nio'
        ➜ Explicit dependency on target 'DequeModule' in project 'swift-collections'
        ➜ Explicit dependency on target 'Atomics' in project 'swift-atomics'
    Target 'NIOPosix' in project 'swift-nio'
        ➜ Explicit dependency on target 'swift-nio_NIOPosix' in project 'swift-nio'
        ➜ Explicit dependency on target 'CNIOOpenBSD' in project 'swift-nio'
        ➜ Explicit dependency on target 'CNIOLinux' in project 'swift-nio'
        ➜ Explicit dependency on target 'CNIODarwin' in project 'swift-nio'
        ➜ Explicit dependency on target 'CNIOWindows' in project 'swift-nio'
        ➜ Explicit dependency on target 'CNIOAtomics' in project 'swift-nio'
        ➜ Explicit dependency on target 'NIOConcurrencyHelpers' in project 'swift-nio'
        ➜ Explicit dependency on target '_NIOBase64' in project 'swift-nio'
        ➜ Explicit dependency on target 'CNIOWASI' in project 'swift-nio'
        ➜ Explicit dependency on target '_NIODataStructures' in project 'swift-nio'
        ➜ Explicit dependency on target 'NIOCore' in project 'swift-nio'
        ➜ Explicit dependency on target 'CNIOPosix' in project 'swift-nio'
        ➜ Explicit dependency on target 'DequeModule' in project 'swift-collections'
        ➜ Explicit dependency on target 'Atomics' in project 'swift-atomics'
    Target 'swift-nio_NIOPosix' in project 'swift-nio' (no dependencies)
    Target 'CNIOPosix' in project 'swift-nio' (no dependencies)
    Target 'NIOEmbedded' in project 'swift-nio'
        ➜ Explicit dependency on target 'CNIOAtomics' in project 'swift-nio'
        ➜ Explicit dependency on target 'NIOConcurrencyHelpers' in project 'swift-nio'
        ➜ Explicit dependency on target '_NIOBase64' in project 'swift-nio'
        ➜ Explicit dependency on target 'CNIOOpenBSD' in project 'swift-nio'
        ➜ Explicit dependency on target 'CNIODarwin' in project 'swift-nio'
        ➜ Explicit dependency on target 'CNIOLinux' in project 'swift-nio'
        ➜ Explicit dependency on target 'CNIOWindows' in project 'swift-nio'
        ➜ Explicit dependency on target 'CNIOWASI' in project 'swift-nio'
        ➜ Explicit dependency on target '_NIODataStructures' in project 'swift-nio'
        ➜ Explicit dependency on target 'NIOCore' in project 'swift-nio'
        ➜ Explicit dependency on target 'DequeModule' in project 'swift-collections'
        ➜ Explicit dependency on target 'Atomics' in project 'swift-atomics'
    Target 'CAsyncHTTPClient' in project 'async-http-client' (no dependencies)
    Target 'EventSource' in project 'EventSource'
        ➜ Explicit dependency on target 'EventSource' in project 'EventSource'
        ➜ Explicit dependency on target 'NIOCore' in project 'swift-nio'
    Target 'EventSource' in project 'EventSource'
        ➜ Explicit dependency on target 'NIOCore' in project 'swift-nio'
    Target 'NIOCore' in project 'swift-nio'
        ➜ Explicit dependency on target 'NIOCore' in project 'swift-nio'
        ➜ Explicit dependency on target 'CNIOAtomics' in project 'swift-nio'
        ➜ Explicit dependency on target 'NIOConcurrencyHelpers' in project 'swift-nio'
        ➜ Explicit dependency on target '_NIOBase64' in project 'swift-nio'
        ➜ Explicit dependency on target 'CNIOOpenBSD' in project 'swift-nio'
        ➜ Explicit dependency on target 'CNIODarwin' in project 'swift-nio'
        ➜ Explicit dependency on target 'CNIOLinux' in project 'swift-nio'
        ➜ Explicit dependency on target 'CNIOWindows' in project 'swift-nio'
        ➜ Explicit dependency on target 'CNIOWASI' in project 'swift-nio'
        ➜ Explicit dependency on target '_NIODataStructures' in project 'swift-nio'
        ➜ Explicit dependency on target 'DequeModule' in project 'swift-collections'
        ➜ Explicit dependency on target 'Atomics' in project 'swift-atomics'
    Target 'NIOCore' in project 'swift-nio'
        ➜ Explicit dependency on target 'CNIOAtomics' in project 'swift-nio'
        ➜ Explicit dependency on target 'NIOConcurrencyHelpers' in project 'swift-nio'
        ➜ Explicit dependency on target '_NIOBase64' in project 'swift-nio'
        ➜ Explicit dependency on target 'CNIOOpenBSD' in project 'swift-nio'
        ➜ Explicit dependency on target 'CNIODarwin' in project 'swift-nio'
        ➜ Explicit dependency on target 'CNIOLinux' in project 'swift-nio'
        ➜ Explicit dependency on target 'CNIOWindows' in project 'swift-nio'
        ➜ Explicit dependency on target 'CNIOWASI' in project 'swift-nio'
        ➜ Explicit dependency on target '_NIODataStructures' in project 'swift-nio'
        ➜ Explicit dependency on target 'DequeModule' in project 'swift-collections'
        ➜ Explicit dependency on target 'Atomics' in project 'swift-atomics'
    Target 'Atomics' in project 'swift-atomics'
        ➜ Explicit dependency on target 'Atomics' in project 'swift-atomics'
        ➜ Explicit dependency on target '_AtomicsShims' in project 'swift-atomics'
    Target 'Atomics' in project 'swift-atomics'
        ➜ Explicit dependency on target '_AtomicsShims' in project 'swift-atomics'
    Target '_AtomicsShims' in project 'swift-atomics' (no dependencies)
    Target 'DequeModule' in project 'swift-collections'
        ➜ Explicit dependency on target 'DequeModule' in project 'swift-collections'
        ➜ Explicit dependency on target 'InternalCollectionsUtilities' in project 'swift-collections'
    Target 'DequeModule' in project 'swift-collections'
        ➜ Explicit dependency on target 'InternalCollectionsUtilities' in project 'swift-collections'
    Target '_NIODataStructures' in project 'swift-nio' (no dependencies)
    Target 'CNIOWASI' in project 'swift-nio' (no dependencies)
    Target 'CNIOWindows' in project 'swift-nio' (no dependencies)
    Target 'CNIOLinux' in project 'swift-nio' (no dependencies)
    Target 'CNIODarwin' in project 'swift-nio' (no dependencies)
    Target 'CNIOOpenBSD' in project 'swift-nio' (no dependencies)
    Target '_NIOBase64' in project 'swift-nio' (no dependencies)
    Target 'NIOConcurrencyHelpers' in project 'swift-nio'
        ➜ Explicit dependency on target 'CNIOAtomics' in project 'swift-nio'
    Target 'CNIOAtomics' in project 'swift-nio' (no dependencies)
    Target 'KeyboardShortcuts' in project 'KeyboardShortcuts'
        ➜ Explicit dependency on target 'KeyboardShortcuts' in project 'KeyboardShortcuts'
        ➜ Explicit dependency on target 'KeyboardShortcuts_KeyboardShortcuts' in project 'KeyboardShortcuts'
    Target 'KeyboardShortcuts' in project 'KeyboardShortcuts'
        ➜ Explicit dependency on target 'KeyboardShortcuts_KeyboardShortcuts' in project 'KeyboardShortcuts'
    Target 'KeyboardShortcuts_KeyboardShortcuts' in project 'KeyboardShortcuts' (no dependencies)
    Target 'MLXLMCommon' in project 'mlx-swift-lm'
        ➜ Explicit dependency on target 'MLXLMCommon' in project 'mlx-swift-lm'
        ➜ Explicit dependency on target 'MLX' in project 'mlx-swift'
        ➜ Explicit dependency on target 'MLXNN' in project 'mlx-swift'
        ➜ Explicit dependency on target 'MLXOptimizers' in project 'mlx-swift'
        ➜ Explicit dependency on target 'Transformers' in project 'swift-transformers'
    Target 'MLXLLM' in project 'mlx-swift-lm'
        ➜ Explicit dependency on target 'MLXLLM' in project 'mlx-swift-lm'
        ➜ Explicit dependency on target 'MLXLMCommon' in project 'mlx-swift-lm'
        ➜ Explicit dependency on target 'MLX' in project 'mlx-swift'
        ➜ Explicit dependency on target 'MLXNN' in project 'mlx-swift'
        ➜ Explicit dependency on target 'MLXOptimizers' in project 'mlx-swift'
        ➜ Explicit dependency on target 'Transformers' in project 'swift-transformers'
    Target 'MLXLLM' in project 'mlx-swift-lm'
        ➜ Explicit dependency on target 'MLXLMCommon' in project 'mlx-swift-lm'
        ➜ Explicit dependency on target 'MLX' in project 'mlx-swift'
        ➜ Explicit dependency on target 'MLXNN' in project 'mlx-swift'
        ➜ Explicit dependency on target 'MLXOptimizers' in project 'mlx-swift'
        ➜ Explicit dependency on target 'Transformers' in project 'swift-transformers'
    Target 'MLXLMCommon' in project 'mlx-swift-lm'
        ➜ Explicit dependency on target 'MLX' in project 'mlx-swift'
        ➜ Explicit dependency on target 'MLXNN' in project 'mlx-swift'
        ➜ Explicit dependency on target 'MLXOptimizers' in project 'mlx-swift'
        ➜ Explicit dependency on target 'Transformers' in project 'swift-transformers'
    Target 'Transformers' in project 'swift-transformers'
        ➜ Explicit dependency on target 'Tokenizers' in project 'swift-transformers'
        ➜ Explicit dependency on target 'Generation' in project 'swift-transformers'
        ➜ Explicit dependency on target 'Models' in project 'swift-transformers'
        ➜ Explicit dependency on target 'Hub' in project 'swift-transformers'
        ➜ Explicit dependency on target 'Jinja' in project 'Jinja'
        ➜ Explicit dependency on target 'OrderedCollections' in project 'swift-collections'
        ➜ Explicit dependency on target 'Crypto' in project 'swift-crypto'
        ➜ Explicit dependency on target 'yyjson' in project 'yyjson'
    Target 'Models' in project 'swift-transformers'
        ➜ Explicit dependency on target 'Hub' in project 'swift-transformers'
        ➜ Explicit dependency on target 'Tokenizers' in project 'swift-transformers'
        ➜ Explicit dependency on target 'Generation' in project 'swift-transformers'
        ➜ Explicit dependency on target 'Jinja' in project 'Jinja'
        ➜ Explicit dependency on target 'OrderedCollections' in project 'swift-collections'
        ➜ Explicit dependency on target 'Crypto' in project 'swift-crypto'
        ➜ Explicit dependency on target 'yyjson' in project 'yyjson'
    Target 'Generation' in project 'swift-transformers'
        ➜ Explicit dependency on target 'Hub' in project 'swift-transformers'
        ➜ Explicit dependency on target 'Tokenizers' in project 'swift-transformers'
        ➜ Explicit dependency on target 'Jinja' in project 'Jinja'
        ➜ Explicit dependency on target 'OrderedCollections' in project 'swift-collections'
        ➜ Explicit dependency on target 'Crypto' in project 'swift-crypto'
        ➜ Explicit dependency on target 'yyjson' in project 'yyjson'
    Target 'MLXOptimizers' in project 'mlx-swift'
        ➜ Explicit dependency on target 'MLXOptimizers' in project 'mlx-swift'
        ➜ Explicit dependency on target 'Cmlx' in project 'mlx-swift'
        ➜ Explicit dependency on target 'MLX' in project 'mlx-swift'
        ➜ Explicit dependency on target 'MLXNN' in project 'mlx-swift'
        ➜ Explicit dependency on target 'Numerics' in project 'swift-numerics'
    Target 'MLXOptimizers' in project 'mlx-swift'
        ➜ Explicit dependency on target 'Cmlx' in project 'mlx-swift'
        ➜ Explicit dependency on target 'MLX' in project 'mlx-swift'
        ➜ Explicit dependency on target 'MLXNN' in project 'mlx-swift'
        ➜ Explicit dependency on target 'Numerics' in project 'swift-numerics'
    Target 'MLXNN' in project 'mlx-swift'
        ➜ Explicit dependency on target 'MLXNN' in project 'mlx-swift'
        ➜ Explicit dependency on target 'Cmlx' in project 'mlx-swift'
        ➜ Explicit dependency on target 'MLX' in project 'mlx-swift'
        ➜ Explicit dependency on target 'Numerics' in project 'swift-numerics'
    Target 'MLXNN' in project 'mlx-swift'
        ➜ Explicit dependency on target 'Cmlx' in project 'mlx-swift'
        ➜ Explicit dependency on target 'MLX' in project 'mlx-swift'
        ➜ Explicit dependency on target 'Numerics' in project 'swift-numerics'
    Target 'MLX' in project 'mlx-swift'
        ➜ Explicit dependency on target 'MLX' in project 'mlx-swift'
        ➜ Explicit dependency on target 'Cmlx' in project 'mlx-swift'
        ➜ Explicit dependency on target 'Numerics' in project 'swift-numerics'
    Target 'MLX' in project 'mlx-swift'
        ➜ Explicit dependency on target 'Cmlx' in project 'mlx-swift'
        ➜ Explicit dependency on target 'Numerics' in project 'swift-numerics'
    Target 'Numerics' in project 'swift-numerics'
        ➜ Explicit dependency on target 'Numerics' in project 'swift-numerics'
        ➜ Explicit dependency on target '_NumericsShims' in project 'swift-numerics'
        ➜ Explicit dependency on target 'RealModule' in project 'swift-numerics'
        ➜ Explicit dependency on target 'ComplexModule' in project 'swift-numerics'
    Target 'Numerics' in project 'swift-numerics'
        ➜ Explicit dependency on target '_NumericsShims' in project 'swift-numerics'
        ➜ Explicit dependency on target 'RealModule' in project 'swift-numerics'
        ➜ Explicit dependency on target 'ComplexModule' in project 'swift-numerics'
    Target 'ComplexModule' in project 'swift-numerics'
        ➜ Explicit dependency on target '_NumericsShims' in project 'swift-numerics'
        ➜ Explicit dependency on target 'RealModule' in project 'swift-numerics'
    Target 'RealModule' in project 'swift-numerics'
        ➜ Explicit dependency on target '_NumericsShims' in project 'swift-numerics'
    Target '_NumericsShims' in project 'swift-numerics' (no dependencies)
    Target 'Cmlx' in project 'mlx-swift'
        ➜ Explicit dependency on target 'mlx-swift_Cmlx' in project 'mlx-swift'
    Target 'mlx-swift_Cmlx' in project 'mlx-swift' (no dependencies)
    Target 'FluidAudio' in project 'FluidAudio'
        ➜ Explicit dependency on target 'FluidAudio' in project 'FluidAudio'
        ➜ Explicit dependency on target 'FastClusterWrapper' in project 'FluidAudio'
        ➜ Explicit dependency on target 'MachTaskSelfWrapper' in project 'FluidAudio'
        ➜ Explicit dependency on target 'Tokenizers' in project 'swift-transformers'
    Target 'FluidAudio' in project 'FluidAudio'
        ➜ Explicit dependency on target 'FastClusterWrapper' in project 'FluidAudio'
        ➜ Explicit dependency on target 'MachTaskSelfWrapper' in project 'FluidAudio'
        ➜ Explicit dependency on target 'Tokenizers' in project 'swift-transformers'
    Target 'Tokenizers' in project 'swift-transformers'
        ➜ Explicit dependency on target 'Tokenizers' in project 'swift-transformers'
        ➜ Explicit dependency on target 'Hub' in project 'swift-transformers'
        ➜ Explicit dependency on target 'Jinja' in project 'Jinja'
        ➜ Explicit dependency on target 'OrderedCollections' in project 'swift-collections'
        ➜ Explicit dependency on target 'Crypto' in project 'swift-crypto'
        ➜ Explicit dependency on target 'yyjson' in project 'yyjson'
    Target 'Tokenizers' in project 'swift-transformers'
        ➜ Explicit dependency on target 'Hub' in project 'swift-transformers'
        ➜ Explicit dependency on target 'Jinja' in project 'Jinja'
        ➜ Explicit dependency on target 'OrderedCollections' in project 'swift-collections'
        ➜ Explicit dependency on target 'Crypto' in project 'swift-crypto'
        ➜ Explicit dependency on target 'yyjson' in project 'yyjson'
    Target 'Hub' in project 'swift-transformers'
        ➜ Explicit dependency on target 'swift-transformers_Hub' in project 'swift-transformers'
        ➜ Explicit dependency on target 'Jinja' in project 'Jinja'
        ➜ Explicit dependency on target 'OrderedCollections' in project 'swift-collections'
        ➜ Explicit dependency on target 'Crypto' in project 'swift-crypto'
        ➜ Explicit dependency on target 'yyjson' in project 'yyjson'
    Target 'yyjson' in project 'yyjson'
        ➜ Explicit dependency on target 'yyjson' in project 'yyjson'
    Target 'yyjson' in project 'yyjson' (no dependencies)
    Target 'Crypto' in project 'swift-crypto'
        ➜ Explicit dependency on target 'Crypto' in project 'swift-crypto'
        ➜ Explicit dependency on target 'swift-crypto_Crypto' in project 'swift-crypto'
    Target 'Crypto' in project 'swift-crypto'
        ➜ Explicit dependency on target 'swift-crypto_Crypto' in project 'swift-crypto'
    Target 'swift-crypto_Crypto' in project 'swift-crypto' (no dependencies)
    Target 'Jinja' in project 'Jinja'
        ➜ Explicit dependency on target 'Jinja' in project 'Jinja'
        ➜ Explicit dependency on target 'OrderedCollections' in project 'swift-collections'
    Target 'Jinja' in project 'Jinja'
        ➜ Explicit dependency on target 'OrderedCollections' in project 'swift-collections'
    Target 'OrderedCollections' in project 'swift-collections'
        ➜ Explicit dependency on target 'OrderedCollections' in project 'swift-collections'
        ➜ Explicit dependency on target 'InternalCollectionsUtilities' in project 'swift-collections'
    Target 'OrderedCollections' in project 'swift-collections'
        ➜ Explicit dependency on target 'InternalCollectionsUtilities' in project 'swift-collections'
    Target 'InternalCollectionsUtilities' in project 'swift-collections' (no dependencies)
    Target 'swift-transformers_Hub' in project 'swift-transformers' (no dependencies)
    Target 'MachTaskSelfWrapper' in project 'FluidAudio' (no dependencies)
    Target 'FastClusterWrapper' in project 'FluidAudio' (no dependencies)

GatherProvisioningInputs

CreateBuildDescription

ExecuteExternalTool /Applications/Xcode.app/Contents/Developer/Toolchains/XcodeDefault.xctoolchain/usr/bin/clang -v -E -dM -arch arm64 -isysroot /Applications/Xcode.app/Contents/Developer/Platforms/MacOSX.platform/Developer/SDKs/MacOSX26.2.sdk -x c -c /dev/null

ExecuteExternalTool /Applications/Xcode.app/Contents/Developer/Toolchains/XcodeDefault.xctoolchain/usr/bin/clang -v -E -dM -arch arm64 -isysroot /Applications/Xcode.app/Contents/Developer/Platforms/MacOSX.platform/Developer/SDKs/MacOSX26.2.sdk -x c++ -c /dev/null

ExecuteExternalTool /Applications/Xcode.app/Contents/Developer/Toolchains/XcodeDefault.xctoolchain/usr/bin/swiftc --version

ExecuteExternalTool /Applications/Xcode.app/Contents/Developer/Toolchains/XcodeDefault.xctoolchain/usr/bin/clang -v -E -dM -arch arm64 -isysroot /Applications/Xcode.app/Contents/Developer/Platforms/MacOSX.platform/Developer/SDKs/MacOSX26.2.sdk -x objective-c -c /dev/null

ExecuteExternalTool /Applications/Xcode.app/Contents/Developer/Toolchains/XcodeDefault.xctoolchain/usr/bin/clang -v -E -dM -isysroot /Applications/Xcode.app/Contents/Developer/Platforms/MacOSX.platform/Developer/SDKs/MacOSX26.2.sdk -x c -c /dev/null

ExecuteExternalTool /Applications/Xcode.app/Contents/Developer/Toolchains/XcodeDefault.xctoolchain/usr/bin/ld -version_details

ReadFileContents /Applications/Xcode.app/Contents/Developer/Toolchains/XcodeDefault.xctoolchain/usr/share/docc/features.json

ExecuteExternalTool /Applications/Xcode.app/Contents/Developer/usr/bin/actool --version --output-format xml1

ExecuteExternalTool /Applications/Xcode.app/Contents/Developer/Toolchains/XcodeDefault.xctoolchain/usr/bin/clang -v -E -dM -arch arm64 -isysroot /Applications/Xcode.app/Contents/Developer/Platforms/MacOSX.platform/Developer/SDKs/MacOSX26.2.sdk -x assembler-with-cpp -c /dev/null

Build description signature: 4402ee2b7a3d69b58bbf2e941503a282
Build description path: /Users/omard/Library/Developer/Xcode/DerivedData/HitokuDraft-dlwejxpzxwzodjbrgqgwkouryfqd/Build/Intermediates.noindex/XCBuildData/4402ee2b7a3d69b58bbf2e941503a282.xcbuilddata
ClangStatCache /Applications/Xcode.app/Contents/Developer/Toolchains/XcodeDefault.xctoolchain/usr/bin/clang-stat-cache /Applications/Xcode.app/Contents/Developer/Platforms/MacOSX.platform/Developer/SDKs/MacOSX26.2.sdk /Users/omard/Library/Developer/Xcode/DerivedData/SDKStatCaches.noindex/macosx26.2-25C57-dc75598d0054f22ec865fa860f139d7200fa09913b459cbbc988d1f6730289ae.sdkstatcache
    cd /Users/omard/Documents/projects/AI_projects/VoiceEditor/HitokuDraft.xcodeproj
    /Applications/Xcode.app/Contents/Developer/Toolchains/XcodeDefault.xctoolchain/usr/bin/clang-stat-cache /Applications/Xcode.app/Contents/Developer/Platforms/MacOSX.platform/Developer/SDKs/MacOSX26.2.sdk -o /Users/omard/Library/Developer/Xcode/DerivedData/SDKStatCaches.noindex/macosx26.2-25C57-dc75598d0054f22ec865fa860f139d7200fa09913b459cbbc988d1f6730289ae.sdkstatcache

ProcessProductPackaging /Users/omard/Documents/projects/AI_projects/VoiceEditor/VoiceEditor/VoiceEditor.entitlements /Users/omard/Library/Developer/Xcode/DerivedData/HitokuDraft-dlwejxpzxwzodjbrgqgwkouryfqd/Build/Intermediates.noindex/HitokuDraft.build/Debug/HitokuDraft.build/Hitoku\ Draft.app.xcent (in target 'HitokuDraft' from project 'HitokuDraft')
    cd /Users/omard/Documents/projects/AI_projects/VoiceEditor
    
    Entitlements:
    
    {
    "com.apple.security.app-sandbox" = 0;
    "com.apple.security.automation.apple-events" = 1;
    "com.apple.security.cs.disable-library-validation" = 1;
    "com.apple.security.device.audio-input" = 1;
    "com.apple.security.get-task-allow" = 1;
    "com.apple.security.network.client" = 1;
    "com.apple.security.personal-information.calendars" = 1;
}
    
    builtin-productPackagingUtility /Users/omard/Documents/projects/AI_projects/VoiceEditor/VoiceEditor/VoiceEditor.entitlements -entitlements -format xml -o /Users/omard/Library/Developer/Xcode/DerivedData/HitokuDraft-dlwejxpzxwzodjbrgqgwkouryfqd/Build/Intermediates.noindex/HitokuDraft.build/Debug/HitokuDraft.build/Hitoku\ Draft.app.xcent

ProcessInfoPlistFile /Users/omard/Library/Developer/Xcode/DerivedData/HitokuDraft-dlwejxpzxwzodjbrgqgwkouryfqd/Build/Products/Debug/swift-transformers_Hub.bundle/Contents/Info.plist /Users/omard/Library/Developer/Xcode/DerivedData/HitokuDraft-dlwejxpzxwzodjbrgqgwkouryfqd/Build/Intermediates.noindex/swift-transformers.build/Debug/swift-transformers_Hub.build/empty-swift-transformers_Hub.plist (in target 'swift-transformers_Hub' from project 'swift-transformers')
    cd /Users/omard/Library/Developer/Xcode/DerivedData/HitokuDraft-dlwejxpzxwzodjbrgqgwkouryfqd/SourcePackages/checkouts/swift-transformers
    builtin-infoPlistUtility /Users/omard/Library/Developer/Xcode/DerivedData/HitokuDraft-dlwejxpzxwzodjbrgqgwkouryfqd/Build/Intermediates.noindex/swift-transformers.build/Debug/swift-transformers_Hub.build/empty-swift-transformers_Hub.plist -producttype com.apple.product-type.bundle -expandbuildsettings -platform macosx -o /Users/omard/Library/Developer/Xcode/DerivedData/HitokuDraft-dlwejxpzxwzodjbrgqgwkouryfqd/Build/Products/Debug/swift-transformers_Hub.bundle/Contents/Info.plist

ProcessInfoPlistFile /Users/omard/Library/Developer/Xcode/DerivedData/HitokuDraft-dlwejxpzxwzodjbrgqgwkouryfqd/Build/Products/Debug/swift-nio_NIOPosix.bundle/Contents/Info.plist /Users/omard/Library/Developer/Xcode/DerivedData/HitokuDraft-dlwejxpzxwzodjbrgqgwkouryfqd/Build/Intermediates.noindex/swift-nio.build/Debug/swift-nio_NIOPosix.build/empty-swift-nio_NIOPosix.plist (in target 'swift-nio_NIOPosix' from project 'swift-nio')
    cd /Users/omard/Library/Developer/Xcode/DerivedData/HitokuDraft-dlwejxpzxwzodjbrgqgwkouryfqd/SourcePackages/checkouts/swift-nio
    builtin-infoPlistUtility /Users/omard/Library/Developer/Xcode/DerivedData/HitokuDraft-dlwejxpzxwzodjbrgqgwkouryfqd/Build/Intermediates.noindex/swift-nio.build/Debug/swift-nio_NIOPosix.build/empty-swift-nio_NIOPosix.plist -producttype com.apple.product-type.bundle -expandbuildsettings -platform macosx -o /Users/omard/Library/Developer/Xcode/DerivedData/HitokuDraft-dlwejxpzxwzodjbrgqgwkouryfqd/Build/Products/Debug/swift-nio_NIOPosix.bundle/Contents/Info.plist

ProcessInfoPlistFile /Users/omard/Library/Developer/Xcode/DerivedData/HitokuDraft-dlwejxpzxwzodjbrgqgwkouryfqd/Build/Products/Debug/SwiftMath_SwiftMath.bundle/Contents/Info.plist /Users/omard/Library/Developer/Xcode/DerivedData/HitokuDraft-dlwejxpzxwzodjbrgqgwkouryfqd/Build/Intermediates.noindex/SwiftMath.build/Debug/SwiftMath_SwiftMath.build/empty-SwiftMath_SwiftMath.plist (in target 'SwiftMath_SwiftMath' from project 'SwiftMath')
    cd /Users/omard/Library/Developer/Xcode/DerivedData/HitokuDraft-dlwejxpzxwzodjbrgqgwkouryfqd/SourcePackages/checkouts/SwiftMath
    builtin-infoPlistUtility /Users/omard/Library/Developer/Xcode/DerivedData/HitokuDraft-dlwejxpzxwzodjbrgqgwkouryfqd/Build/Intermediates.noindex/SwiftMath.build/Debug/SwiftMath_SwiftMath.build/empty-SwiftMath_SwiftMath.plist -producttype com.apple.product-type.bundle -expandbuildsettings -platform macosx -o /Users/omard/Library/Developer/Xcode/DerivedData/HitokuDraft-dlwejxpzxwzodjbrgqgwkouryfqd/Build/Products/Debug/SwiftMath_SwiftMath.bundle/Contents/Info.plist

ProcessInfoPlistFile /Users/omard/Library/Developer/Xcode/DerivedData/HitokuDraft-dlwejxpzxwzodjbrgqgwkouryfqd/Build/Products/Debug/swift-crypto_Crypto.bundle/Contents/Info.plist /Users/omard/Library/Developer/Xcode/DerivedData/HitokuDraft-dlwejxpzxwzodjbrgqgwkouryfqd/Build/Intermediates.noindex/swift-crypto.build/Debug/swift-crypto_Crypto.build/empty-swift-crypto_Crypto.plist (in target 'swift-crypto_Crypto' from project 'swift-crypto')
    cd /Users/omard/Library/Developer/Xcode/DerivedData/HitokuDraft-dlwejxpzxwzodjbrgqgwkouryfqd/SourcePackages/checkouts/swift-crypto
    builtin-infoPlistUtility /Users/omard/Library/Developer/Xcode/DerivedData/HitokuDraft-dlwejxpzxwzodjbrgqgwkouryfqd/Build/Intermediates.noindex/swift-crypto.build/Debug/swift-crypto_Crypto.build/empty-swift-crypto_Crypto.plist -producttype com.apple.product-type.bundle -expandbuildsettings -platform macosx -o /Users/omard/Library/Developer/Xcode/DerivedData/HitokuDraft-dlwejxpzxwzodjbrgqgwkouryfqd/Build/Products/Debug/swift-crypto_Crypto.bundle/Contents/Info.plist

ProcessInfoPlistFile /Users/omard/Library/Developer/Xcode/DerivedData/HitokuDraft-dlwejxpzxwzodjbrgqgwkouryfqd/Build/Products/Debug/mlx-swift_Cmlx.bundle/Contents/Info.plist /Users/omard/Library/Developer/Xcode/DerivedData/HitokuDraft-dlwejxpzxwzodjbrgqgwkouryfqd/Build/Intermediates.noindex/mlx-swift.build/Debug/mlx-swift_Cmlx.build/empty-mlx-swift_Cmlx.plist (in target 'mlx-swift_Cmlx' from project 'mlx-swift')
    cd /Users/omard/Library/Developer/Xcode/DerivedData/HitokuDraft-dlwejxpzxwzodjbrgqgwkouryfqd/SourcePackages/checkouts/mlx-swift
    builtin-infoPlistUtility /Users/omard/Library/Developer/Xcode/DerivedData/HitokuDraft-dlwejxpzxwzodjbrgqgwkouryfqd/Build/Intermediates.noindex/mlx-swift.build/Debug/mlx-swift_Cmlx.build/empty-mlx-swift_Cmlx.plist -producttype com.apple.product-type.bundle -expandbuildsettings -platform macosx -o /Users/omard/Library/Developer/Xcode/DerivedData/HitokuDraft-dlwejxpzxwzodjbrgqgwkouryfqd/Build/Products/Debug/mlx-swift_Cmlx.bundle/Contents/Info.plist

ProcessInfoPlistFile /Users/omard/Library/Developer/Xcode/DerivedData/HitokuDraft-dlwejxpzxwzodjbrgqgwkouryfqd/Build/Products/Debug/KeyboardShortcuts_KeyboardShortcuts.bundle/Contents/Info.plist /Users/omard/Library/Developer/Xcode/DerivedData/HitokuDraft-dlwejxpzxwzodjbrgqgwkouryfqd/Build/Intermediates.noindex/KeyboardShortcuts.build/Debug/KeyboardShortcuts_KeyboardShortcuts.build/empty-KeyboardShortcuts_KeyboardShortcuts.plist (in target 'KeyboardShortcuts_KeyboardShortcuts' from project 'KeyboardShortcuts')
    cd /Users/omard/Library/Developer/Xcode/DerivedData/HitokuDraft-dlwejxpzxwzodjbrgqgwkouryfqd/SourcePackages/checkouts/KeyboardShortcuts
    builtin-infoPlistUtility /Users/omard/Library/Developer/Xcode/DerivedData/HitokuDraft-dlwejxpzxwzodjbrgqgwkouryfqd/Build/Intermediates.noindex/KeyboardShortcuts.build/Debug/KeyboardShortcuts_KeyboardShortcuts.build/empty-KeyboardShortcuts_KeyboardShortcuts.plist -producttype com.apple.product-type.bundle -expandbuildsettings -platform macosx -o /Users/omard/Library/Developer/Xcode/DerivedData/HitokuDraft-dlwejxpzxwzodjbrgqgwkouryfqd/Build/Products/Debug/KeyboardShortcuts_KeyboardShortcuts.bundle/Contents/Info.plist

ProcessInfoPlistFile /Users/omard/Library/Developer/Xcode/DerivedData/HitokuDraft-dlwejxpzxwzodjbrgqgwkouryfqd/Build/Products/Debug/swift-nio-ssl_NIOSSL.bundle/Contents/Info.plist /Users/omard/Library/Developer/Xcode/DerivedData/HitokuDraft-dlwejxpzxwzodjbrgqgwkouryfqd/Build/Intermediates.noindex/swift-nio-ssl.build/Debug/swift-nio-ssl_NIOSSL.build/empty-swift-nio-ssl_NIOSSL.plist (in target 'swift-nio-ssl_NIOSSL' from project 'swift-nio-ssl')
    cd /Users/omard/Library/Developer/Xcode/DerivedData/HitokuDraft-dlwejxpzxwzodjbrgqgwkouryfqd/SourcePackages/checkouts/swift-nio-ssl
    builtin-infoPlistUtility /Users/omard/Library/Developer/Xcode/DerivedData/HitokuDraft-dlwejxpzxwzodjbrgqgwkouryfqd/Build/Intermediates.noindex/swift-nio-ssl.build/Debug/swift-nio-ssl_NIOSSL.build/empty-swift-nio-ssl_NIOSSL.plist -producttype com.apple.product-type.bundle -expandbuildsettings -platform macosx -o /Users/omard/Library/Developer/Xcode/DerivedData/HitokuDraft-dlwejxpzxwzodjbrgqgwkouryfqd/Build/Products/Debug/swift-nio-ssl_NIOSSL.bundle/Contents/Info.plist

ProcessProductPackagingDER /Users/omard/Library/Developer/Xcode/DerivedData/HitokuDraft-dlwejxpzxwzodjbrgqgwkouryfqd/Build/Intermediates.noindex/HitokuDraft.build/Debug/HitokuDraft.build/Hitoku\ Draft.app.xcent /Users/omard/Library/Developer/Xcode/DerivedData/HitokuDraft-dlwejxpzxwzodjbrgqgwkouryfqd/Build/Intermediates.noindex/HitokuDraft.build/Debug/HitokuDraft.build/Hitoku\ Draft.app.xcent.der (in target 'HitokuDraft' from project 'HitokuDraft')
    cd /Users/omard/Documents/projects/AI_projects/VoiceEditor
    /usr/bin/derq query -f xml -i /Users/omard/Library/Developer/Xcode/DerivedData/HitokuDraft-dlwejxpzxwzodjbrgqgwkouryfqd/Build/Intermediates.noindex/HitokuDraft.build/Debug/HitokuDraft.build/Hitoku\ Draft.app.xcent -o /Users/omard/Library/Developer/Xcode/DerivedData/HitokuDraft-dlwejxpzxwzodjbrgqgwkouryfqd/Build/Intermediates.noindex/HitokuDraft.build/Debug/HitokuDraft.build/Hitoku\ Draft.app.xcent.der --raw

CopySwiftLibs /Users/omard/Library/Developer/Xcode/DerivedData/HitokuDraft-dlwejxpzxwzodjbrgqgwkouryfqd/Build/Products/Debug/Hitoku\ Draft.app (in target 'HitokuDraft' from project 'HitokuDraft')
    cd /Users/omard/Documents/projects/AI_projects/VoiceEditor
    builtin-swiftStdLibTool --copy --verbose --sign 76F9C3D07465C3FA76F3B9522F4A44A2677F4532 --scan-executable /Users/omard/Library/Developer/Xcode/DerivedData/HitokuDraft-dlwejxpzxwzodjbrgqgwkouryfqd/Build/Products/Debug/Hitoku\ Draft.app/Contents/MacOS/Hitoku\ Draft.debug.dylib --scan-folder /Users/omard/Library/Developer/Xcode/DerivedData/HitokuDraft-dlwejxpzxwzodjbrgqgwkouryfqd/Build/Products/Debug/Hitoku\ Draft.app/Contents/Frameworks --scan-folder /Users/omard/Library/Developer/Xcode/DerivedData/HitokuDraft-dlwejxpzxwzodjbrgqgwkouryfqd/Build/Products/Debug/Hitoku\ Draft.app/Contents/PlugIns --scan-folder /Users/omard/Library/Developer/Xcode/DerivedData/HitokuDraft-dlwejxpzxwzodjbrgqgwkouryfqd/Build/Products/Debug/Hitoku\ Draft.app/Contents/Library/SystemExtensions --scan-folder /Users/omard/Library/Developer/Xcode/DerivedData/HitokuDraft-dlwejxpzxwzodjbrgqgwkouryfqd/Build/Products/Debug/Hitoku\ Draft.app/Contents/Extensions --platform macosx --toolchain /var/run/com.apple.security.cryptexd/mnt/com.apple.MobileAsset.MetalToolchain-v17.3.7003.10.z438aP/Metal.xctoolchain --toolchain /Applications/Xcode.app/Contents/Developer/Toolchains/XcodeDefault.xctoolchain --destination /Users/omard/Library/Developer/Xcode/DerivedData/HitokuDraft-dlwejxpzxwzodjbrgqgwkouryfqd/Build/Products/Debug/Hitoku\ Draft.app/Contents/Frameworks --strip-bitcode --strip-bitcode-tool /Applications/Xcode.app/Contents/Developer/Toolchains/XcodeDefault.xctoolchain/usr/bin/bitcode_strip --emit-dependency-info /Users/omard/Library/Developer/Xcode/DerivedData/HitokuDraft-dlwejxpzxwzodjbrgqgwkouryfqd/Build/Intermediates.noindex/HitokuDraft.build/Debug/HitokuDraft.build/SwiftStdLibToolInputDependencies.dep --filter-for-swift-os --back-deploy-swift-span
libswiftCompatibilitySpan.dylib is up to date at /Users/omard/Library/Developer/Xcode/DerivedData/HitokuDraft-dlwejxpzxwzodjbrgqgwkouryfqd/Build/Products/Debug/Hitoku Draft.app/Contents/Frameworks/libswiftCompatibilitySpan.dylib
Probing signature of /Users/omard/Library/Developer/Xcode/DerivedData/HitokuDraft-dlwejxpzxwzodjbrgqgwkouryfqd/Build/Products/Debug/Hitoku Draft.app/Contents/Frameworks/libswiftCompatibilitySpan.dylib
/usr/bin/codesign -r- --display /Users/omard/Library/Developer/Xcode/DerivedData/HitokuDraft-dlwejxpzxwzodjbrgqgwkouryfqd/Build/Products/Debug/Hitoku Draft.app/Contents/Frameworks/libswiftCompatibilitySpan.dylib
Codesigning /Users/omard/Library/Developer/Xcode/DerivedData/HitokuDraft-dlwejxpzxwzodjbrgqgwkouryfqd/Build/Products/Debug/Hitoku Draft.app/Contents/Frameworks/libswiftCompatibilitySpan.dylib
/usr/bin/codesign --force --sign 76F9C3D07465C3FA76F3B9522F4A44A2677F4532 --verbose /Users/omard/Library/Developer/Xcode/DerivedData/HitokuDraft-dlwejxpzxwzodjbrgqgwkouryfqd/Build/Products/Debug/Hitoku Draft.app/Contents/Frameworks/libswiftCompatibilitySpan.dylib
Probing signature of /Users/omard/Library/Developer/Xcode/DerivedData/HitokuDraft-dlwejxpzxwzodjbrgqgwkouryfqd/Build/Products/Debug/Hitoku Draft.app/Contents/Frameworks/libswiftCompatibilitySpan.dylib
/usr/bin/codesign -r- --display /Users/omard/Library/Developer/Xcode/DerivedData/HitokuDraft-dlwejxpzxwzodjbrgqgwkouryfqd/Build/Products/Debug/Hitoku Draft.app/Contents/Frameworks/libswiftCompatibilitySpan.dylib
Code signature of /Users/omard/Library/Developer/Xcode/DerivedData/HitokuDraft-dlwejxpzxwzodjbrgqgwkouryfqd/Build/Products/Debug/Hitoku Draft.app/Contents/Frameworks/libswiftCompatibilitySpan.dylib is unchanged; keeping original

ProcessInfoPlistFile /Users/omard/Library/Developer/Xcode/DerivedData/HitokuDraft-dlwejxpzxwzodjbrgqgwkouryfqd/Build/Products/Debug/Hitoku\ Draft.app/Contents/Info.plist /Users/omard/Documents/projects/AI_projects/VoiceEditor/VoiceEditor/Info.plist (in target 'HitokuDraft' from project 'HitokuDraft')
    cd /Users/omard/Documents/projects/AI_projects/VoiceEditor
    builtin-infoPlistUtility /Users/omard/Documents/projects/AI_projects/VoiceEditor/VoiceEditor/Info.plist -producttype com.apple.product-type.application -genpkginfo /Users/omard/Library/Developer/Xcode/DerivedData/HitokuDraft-dlwejxpzxwzodjbrgqgwkouryfqd/Build/Products/Debug/Hitoku\ Draft.app/Contents/PkgInfo -expandbuildsettings -platform macosx -additionalcontentfile /Users/omard/Library/Developer/Xcode/DerivedData/HitokuDraft-dlwejxpzxwzodjbrgqgwkouryfqd/Build/Intermediates.noindex/HitokuDraft.build/Debug/HitokuDraft.build/assetcatalog_generated_info.plist -scanforprivacyfile /Users/omard/Library/Developer/Xcode/DerivedData/HitokuDraft-dlwejxpzxwzodjbrgqgwkouryfqd/Build/Products/Debug/Hitoku\ Draft.app/Contents/Frameworks/Sparkle.framework -scanforprivacyfile /Users/omard/Library/Developer/Xcode/DerivedData/HitokuDraft-dlwejxpzxwzodjbrgqgwkouryfqd/Build/Products/Debug/Hitoku\ Draft.app/Contents/Resources/KeyboardShortcuts_KeyboardShortcuts.bundle -scanforprivacyfile /Users/omard/Library/Developer/Xcode/DerivedData/HitokuDraft-dlwejxpzxwzodjbrgqgwkouryfqd/Build/Products/Debug/Hitoku\ Draft.app/Contents/Resources/SwiftMath_SwiftMath.bundle -scanforprivacyfile /Users/omard/Library/Developer/Xcode/DerivedData/HitokuDraft-dlwejxpzxwzodjbrgqgwkouryfqd/Build/Products/Debug/Hitoku\ Draft.app/Contents/Resources/mlx-swift_Cmlx.bundle -scanforprivacyfile /Users/omard/Library/Developer/Xcode/DerivedData/HitokuDraft-dlwejxpzxwzodjbrgqgwkouryfqd/Build/Products/Debug/Hitoku\ Draft.app/Contents/Resources/swift-crypto_Crypto.bundle -scanforprivacyfile /Users/omard/Library/Developer/Xcode/DerivedData/HitokuDraft-dlwejxpzxwzodjbrgqgwkouryfqd/Build/Products/Debug/Hitoku\ Draft.app/Contents/Resources/swift-nio-ssl_NIOSSL.bundle -scanforprivacyfile /Users/omard/Library/Developer/Xcode/DerivedData/HitokuDraft-dlwejxpzxwzodjbrgqgwkouryfqd/Build/Products/Debug/Hitoku\ Draft.app/Contents/Resources/swift-nio_NIOPosix.bundle -scanforprivacyfile /Users/omard/Library/Developer/Xcode/DerivedData/HitokuDraft-dlwejxpzxwzodjbrgqgwkouryfqd/Build/Products/Debug/Hitoku\ Draft.app/Contents/Resources/swift-transformers_Hub.bundle -o /Users/omard/Library/Developer/Xcode/DerivedData/HitokuDraft-dlwejxpzxwzodjbrgqgwkouryfqd/Build/Products/Debug/Hitoku\ Draft.app/Contents/Info.plist

CodeSign /Users/omard/Library/Developer/Xcode/DerivedData/HitokuDraft-dlwejxpzxwzodjbrgqgwkouryfqd/Build/Products/Debug/Hitoku\ Draft.app (in target 'HitokuDraft' from project 'HitokuDraft')
    cd /Users/omard/Documents/projects/AI_projects/VoiceEditor
    
    Signing Identity:     "Apple Development: o.darwish@protonmail.com (35W5NKQR9K)"
    
    /usr/bin/codesign --force --sign 76F9C3D07465C3FA76F3B9522F4A44A2677F4532 -o runtime --entitlements /Users/omard/Library/Developer/Xcode/DerivedData/HitokuDraft-dlwejxpzxwzodjbrgqgwkouryfqd/Build/Intermediates.noindex/HitokuDraft.build/Debug/HitokuDraft.build/Hitoku\ Draft.app.xcent --timestamp\=none --generate-entitlement-der /Users/omard/Library/Developer/Xcode/DerivedData/HitokuDraft-dlwejxpzxwzodjbrgqgwkouryfqd/Build/Products/Debug/Hitoku\ Draft.app
/Users/omard/Library/Developer/Xcode/DerivedData/HitokuDraft-dlwejxpzxwzodjbrgqgwkouryfqd/Build/Products/Debug/Hitoku Draft.app: replacing existing signature

Validate /Users/omard/Library/Developer/Xcode/DerivedData/HitokuDraft-dlwejxpzxwzodjbrgqgwkouryfqd/Build/Products/Debug/Hitoku\ Draft.app (in target 'HitokuDraft' from project 'HitokuDraft')
    cd /Users/omard/Documents/projects/AI_projects/VoiceEditor
    builtin-validationUtility /Users/omard/Library/Developer/Xcode/DerivedData/HitokuDraft-dlwejxpzxwzodjbrgqgwkouryfqd/Build/Products/Debug/Hitoku\ Draft.app -no-validate-extension -infoplist-subpath Contents/Info.plist

RegisterWithLaunchServices /Users/omard/Library/Developer/Xcode/DerivedData/HitokuDraft-dlwejxpzxwzodjbrgqgwkouryfqd/Build/Products/Debug/Hitoku\ Draft.app (in target 'HitokuDraft' from project 'HitokuDraft')
    cd /Users/omard/Documents/projects/AI_projects/VoiceEditor
    /System/Library/Frameworks/CoreServices.framework/Versions/Current/Frameworks/LaunchServices.framework/Versions/Current/Support/lsregister -f -R -trusted /Users/omard/Library/Developer/Xcode/DerivedData/HitokuDraft-dlwejxpzxwzodjbrgqgwkouryfqd/Build/Products/Debug/Hitoku\ Draft.app

** BUILD SUCCEEDED **

